# Name:  my_plugin v0.1.0 (compressed)
# Type: Public plugin
# Test Manifest
# Author: Tommy Schmucker
# URL: https://tommyschmucker.de/
# Recommended load order: 5
# .....................................................................
# This is a plugin for Textpattern CMS - http://textpattern.com/
# To install: textpattern > admin > plugins
# Paste the following text into the 'Install plugin' box:
# .....................................................................
H4sIAAAAAAAAAzVQu27EIBDs/RUOaZLGNj4/uYcSpUmTKpFSWhi4MzpsEODorCj/HsDnbmZ2
Z3a0GMEc/RpUI/DDtOFyAnuDSgSyBCaZxxUCeLaD1J5AN/mS47jEn2QYZ3Jlq5xtS92suVdy
ZxusVQalqfUGs+0nlKXBAxGgzBDNlb2fhTuXzoyNP/DEzw7cu0hN/R2OSscLBOyimKfZOj4L
fDEbd+OBCbXFHQZ48pGH1AEvNs7OblZhcvV053o+vqi5F5xE1i12zi1kfDzF7wF8Sy3oQwTW
aCIpC6VqX54IrNmTsZoT2/lS5gif91GUpjGfKLslalCBvfbkTWBjVuGeNeExZLUIjEunxHzh
4Quu9UjLgHIEakiarGBN2+KsolUFCSvrvCrKFvZFU7mEv3911cmLxAEAAA==
